src/main.py:118: DeprecationWarning: Using or importing the ABCs from 'collections' instead of from 'collections.abc' is deprecated since Python 3.3, and in 3.10 it will stop working
  if isinstance(v, collections.Mapping):
[INFO 11:45:24] root Saving to FileStorageObserver in results/sacred.
[DEBUG 11:45:25] pymarl Using capture mode "no"
[INFO 11:45:25] pymarl Running command 'my_main'
[INFO 11:45:25] pymarl Started run with ID "167"
[DEBUG 11:45:25] pymarl Starting Heartbeat
[DEBUG 11:45:25] my_main Started
[INFO 11:45:25] my_main Experiment Parameters:
[INFO 11:45:25] my_main 

{   'EA': 1,
    'EA_alpha': 1.0,
    'EA_freq': 1,
    'N_type': 1,
    'Org_alpha': 1.0,
    'SAME': 0,
    'act_noise': 0.1,
    'action_range': None,
    'action_selector': 'gumbel',
    'agent': 'qmixrnn',
    'agent_output_type': 'pi_logits',
    'agent_return_logits': False,
    'batch_size': 32,
    'batch_size_run': 1,
    'buffer_algo': None,
    'buffer_chunk_size': None,
    'buffer_cpu_only': True,
    'buffer_device': None,
    'buffer_mode': 'transitions',
    'buffer_size': 5000,
    'buffer_warmup': 0,
    'checkpoint_path': '',
    'continuous_actions': False,
    'critic_lr': 0.0005,
    'critic_train_reps': 1,
    'debug': False,
    'discretize_actions': False,
    'double_q': False,
    'elite_fraction': 0.2,
    'env': 'firefighters',
    'env_args': {   'episode_limit': 150,
                    'reward_scale': 20,
                    'scenario_dict': 'infinite',
                    'seed': 77663758,
                    'state_last_action': False},
    'epsilon_anneal_time': 50000,
    'epsilon_decay_mode': None,
    'epsilon_finish': 0.05,
    'epsilon_start': 0.5,
    'evaluate': False,
    'exploration_mode': 'gaussian',
    'final_ou_noise_scale': 0.0,
    'frac': 0.005,
    'gamma': 0.99,
    'gated': False,
    'grad_norm_clip': 10,
    'hyper_initialization_nonzeros': 0,
    'hypernet_embed': 64,
    'hypernet_layers': 2,
    'label': 'default_label',
    'learn_interval': 1,
    'learner': 'facmac_learner_discrete',
    'learner_log_interval': 2000,
    'load_step': 0,
    'local_results_path': 'results',
    'log_interval': 2000,
    'lr': 0.0025,
    'mac': 'basic_mac',
    'mask_before_softmax': True,
    'mixer': 'qmix',
    'mixing_embed_dim': 32,
    'mutation_prob': 0.9,
    'n_runners': None,
    'n_train': 1,
    'name': 'facmac_smac',
    'obs_agent_id': True,
    'obs_last_action': True,
    'optim_alpha': 0.99,
    'optim_eps': 1e-05,
    'optimizer': 'adam',
    'ou_noise_scale': 0.3,
    'ou_sigma': 0.2,
    'ou_stop_episode': 100,
    'ou_theta': 0.15,
    'plot_loss_network': False,
    'pop_size': 5,
    'pr_dim': 64,
    'prob_reset_and_sup': 0.05,
    'q_embed_dim': 1,
    'q_nstep': 0,
    'recurrent_critic': False,
    'repeat_id': 1,
    'rl_to_ea_synch_period': 1,
    'rnn_hidden_dim': 64,
    'run_mode': None,
    'runner': 'episode',
    'runner_log_interval': 2000,
    'runner_scope': 'episodic',
    'save_model': False,
    'save_model_interval': 10000,
    'save_replay': False,
    'seed': 77663758,
    'skip_connections': False,
    'start_steps': 0,
    'start_timesteps': 10000,
    'state_alpha': 0.001,
    't_max': 15000000,
    'target_update_interval': 200,
    'target_update_mode': 'hard',
    'target_update_tau': 0.001,
    'td_lambda': 0.8,
    'test_greedy': True,
    'test_interval': 10000,
    'test_nepisode': 32,
    'testing_on': True,
    'use_buffer_compression': False,
    'use_cuda': True,
    'use_tensorboard': False,
    'verbose': False,
    'weight_decay': True,
    'weight_decay_factor': 0.0001}

[DEBUG 11:45:25] git.cmd Popen(['git', 'rev-parse', '--show-toplevel'], cwd=/data/gu-di/RACE, universal_newlines=False, shell=None, istream=None)
[DEBUG 11:45:25] wandb no default config file found in config-defaults.yaml
[INFO 11:45:30] my_main Beginning training for 15000000 timesteps
[DEBUG 11:45:30] pymarl Stopping Heartbeat
[ERROR 11:45:30] pymarl Failed after 0:00:05!
